// Jest Snapshot v1, https://goo.gl/fbAQLP

exports[`Modal renders as expected with the given props 1`] = `
<div>
  <Button
    modifiers="positive"
    onClick={[MockFunction]}
  >
    Open
  </Button>
  <Wrapper
    style={
      Object {
        "display": "none",
      }
    }
  >
    <Background
      onClick={[MockFunction]}
    />
    <Modal>
      <Button
        modifiers="circular,close"
        onClick={[MockFunction]}
      >
        X
      </Button>
      <Title>
        Test title
      </Title>
      Test
    </Modal>
  </Wrapper>
</div>
`;
