// Jest Snapshot v1, https://goo.gl/fbAQLP

exports[`Rules renders as expected when no props are passed 1`] = `<SearchRules />`;

exports[`Rules renders as expected with the given props 1`] = `
<SearchRules>
  <div>
    name ... EQUALS_TO
      
    <Button
      modifiers="negative,circular"
      onClick={[Function]}
    >
      X
    </Button>
  </div>
</SearchRules>
`;
